/home/yoosufpatel/Documents/dev_code/build_rtos/cubeide/9_SpinlockSemaphore/chip_headers/CMSIS/Include/core_cm4.h:1684:22:__NVIC_EnableIRQ	16	static,ignoring_inline_asm
/home/yoosufpatel/Documents/dev_code/build_rtos/cubeide/9_SpinlockSemaphore/chip_headers/CMSIS/Include/core_cm4.h:1814:22:__NVIC_SetPriority	16	static
../Src/osKernel.c:43:6:osKernelStackInit	16	static
../Src/osKernel.c:69:9:osKernelAddThreads	24	static,ignoring_inline_asm
../Src/osKernel.c:101:6:osKernelInit	4	static
../Src/osKernel.c:106:6:osKernelLaunch	16	static
../Src/osKernel.c:135:29:SysTick_Handler	0	static,ignoring_inline_asm
../Src/osKernel.c:175:6:osSchedulerLaunch	4	static,ignoring_inline_asm
../Src/osKernel.c:211:6:osThreadYield	4	static
../Src/osKernel.c:221:6:osSchedulerRoundRobin	8	static
../Src/osKernel.c:233:6:tim2_1hz_interrupt_init	8	static
../Src/osKernel.c:257:6:osSemaphoreInit	16	static
../Src/osKernel.c:262:6:osSemaphoreSet	16	static,ignoring_inline_asm
../Src/osKernel.c:269:6:osSemaphoreWait	16	static,ignoring_inline_asm
