/home/yoosufpatel/Documents/dev_code/build_rtos/cubeide/7_PeriodicScheduler_v1/chip_headers/CMSIS/Include/core_cm4.h:1814:22:__NVIC_SetPriority	16	static
../Src/osKernel.c:39:6:osKernelStackInit	16	static
../Src/osKernel.c:65:9:osKernelAddThreads	24	static,ignoring_inline_asm
../Src/osKernel.c:97:6:osKernelInit	4	static
../Src/osKernel.c:102:6:osKernelLaunch	16	static
../Src/osKernel.c:131:29:SysTick_Handler	0	static,ignoring_inline_asm
../Src/osKernel.c:171:6:osSchedulerLaunch	4	static,ignoring_inline_asm
../Src/osKernel.c:207:6:osThreadYield	4	static
../Src/osKernel.c:217:6:osSchedulerRoundRobin	8	static
