Archive member included to satisfy reference by file (symbol)

/opt/st/stm32cubeide_1.18.1/plugins/com.st.stm32cube.ide.mcu.externaltools.gnu-tools-for-stm32.13.3.rel1.linux64_1.0.0.202410170706/tools/bin/../lib/gcc/arm-none-eabi/13.3.1/../../../../arm-none-eabi/lib/thumb/v7e-m+fp/hard/libc_nano.a(libc_a-exit.o)
                              /opt/st/stm32cubeide_1.18.1/plugins/com.st.stm32cube.ide.mcu.externaltools.gnu-tools-for-stm32.13.3.rel1.linux64_1.0.0.202410170706/tools/bin/../lib/gcc/arm-none-eabi/13.3.1/../../../../arm-none-eabi/lib/thumb/v7e-m+fp/hard/crt0.o (exit)
/opt/st/stm32cubeide_1.18.1/plugins/com.st.stm32cube.ide.mcu.externaltools.gnu-tools-for-stm32.13.3.rel1.linux64_1.0.0.202410170706/tools/bin/../lib/gcc/arm-none-eabi/13.3.1/../../../../arm-none-eabi/lib/thumb/v7e-m+fp/hard/libc_nano.a(libc_a-findfp.o)
                              /opt/st/stm32cubeide_1.18.1/plugins/com.st.stm32cube.ide.mcu.externaltools.gnu-tools-for-stm32.13.3.rel1.linux64_1.0.0.202410170706/tools/bin/../lib/gcc/arm-none-eabi/13.3.1/../../../../arm-none-eabi/lib/thumb/v7e-m+fp/hard/libc_nano.a(libc_a-exit.o) (__stdio_exit_handler)
/opt/st/stm32cubeide_1.18.1/plugins/com.st.stm32cube.ide.mcu.externaltools.gnu-tools-for-stm32.13.3.rel1.linux64_1.0.0.202410170706/tools/bin/../lib/gcc/arm-none-eabi/13.3.1/../../../../arm-none-eabi/lib/thumb/v7e-m+fp/hard/libc_nano.a(libc_a-fwalk.o)
                              /opt/st/stm32cubeide_1.18.1/plugins/com.st.stm32cube.ide.mcu.externaltools.gnu-tools-for-stm32.13.3.rel1.linux64_1.0.0.202410170706/tools/bin/../lib/gcc/arm-none-eabi/13.3.1/../../../../arm-none-eabi/lib/thumb/v7e-m+fp/hard/libc_nano.a(libc_a-findfp.o) (_fwalk_sglue)
/opt/st/stm32cubeide_1.18.1/plugins/com.st.stm32cube.ide.mcu.externaltools.gnu-tools-for-stm32.13.3.rel1.linux64_1.0.0.202410170706/tools/bin/../lib/gcc/arm-none-eabi/13.3.1/../../../../arm-none-eabi/lib/thumb/v7e-m+fp/hard/libc_nano.a(libc_a-printf.o)
                              ./Src/main.o (printf)
/opt/st/stm32cubeide_1.18.1/plugins/com.st.stm32cube.ide.mcu.externaltools.gnu-tools-for-stm32.13.3.rel1.linux64_1.0.0.202410170706/tools/bin/../lib/gcc/arm-none-eabi/13.3.1/../../../../arm-none-eabi/lib/thumb/v7e-m+fp/hard/libc_nano.a(libc_a-stdio.o)
                              /opt/st/stm32cubeide_1.18.1/plugins/com.st.stm32cube.ide.mcu.externaltools.gnu-tools-for-stm32.13.3.rel1.linux64_1.0.0.202410170706/tools/bin/../lib/gcc/arm-none-eabi/13.3.1/../../../../arm-none-eabi/lib/thumb/v7e-m+fp/hard/libc_nano.a(libc_a-findfp.o) (__sread)
/opt/st/stm32cubeide_1.18.1/plugins/com.st.stm32cube.ide.mcu.externaltools.gnu-tools-for-stm32.13.3.rel1.linux64_1.0.0.202410170706/tools/bin/../lib/gcc/arm-none-eabi/13.3.1/../../../../arm-none-eabi/lib/thumb/v7e-m+fp/hard/libc_nano.a(libc_a-memset.o)
                              /opt/st/stm32cubeide_1.18.1/plugins/com.st.stm32cube.ide.mcu.externaltools.gnu-tools-for-stm32.13.3.rel1.linux64_1.0.0.202410170706/tools/bin/../lib/gcc/arm-none-eabi/13.3.1/../../../../arm-none-eabi/lib/thumb/v7e-m+fp/hard/crt0.o (memset)
/opt/st/stm32cubeide_1.18.1/plugins/com.st.stm32cube.ide.mcu.externaltools.gnu-tools-for-stm32.13.3.rel1.linux64_1.0.0.202410170706/tools/bin/../lib/gcc/arm-none-eabi/13.3.1/../../../../arm-none-eabi/lib/thumb/v7e-m+fp/hard/libc_nano.a(libc_a-closer.o)
                              /opt/st/stm32cubeide_1.18.1/plugins/com.st.stm32cube.ide.mcu.externaltools.gnu-tools-for-stm32.13.3.rel1.linux64_1.0.0.202410170706/tools/bin/../lib/gcc/arm-none-eabi/13.3.1/../../../../arm-none-eabi/lib/thumb/v7e-m+fp/hard/libc_nano.a(libc_a-stdio.o) (_close_r)
/opt/st/stm32cubeide_1.18.1/plugins/com.st.stm32cube.ide.mcu.externaltools.gnu-tools-for-stm32.13.3.rel1.linux64_1.0.0.202410170706/tools/bin/../lib/gcc/arm-none-eabi/13.3.1/../../../../arm-none-eabi/lib/thumb/v7e-m+fp/hard/libc_nano.a(libc_a-reent.o)
                              /opt/st/stm32cubeide_1.18.1/plugins/com.st.stm32cube.ide.mcu.externaltools.gnu-tools-for-stm32.13.3.rel1.linux64_1.0.0.202410170706/tools/bin/../lib/gcc/arm-none-eabi/13.3.1/../../../../arm-none-eabi/lib/thumb/v7e-m+fp/hard/libc_nano.a(libc_a-closer.o) (errno)
/opt/st/stm32cubeide_1.18.1/plugins/com.st.stm32cube.ide.mcu.externaltools.gnu-tools-for-stm32.13.3.rel1.linux64_1.0.0.202410170706/tools/bin/../lib/gcc/arm-none-eabi/13.3.1/../../../../arm-none-eabi/lib/thumb/v7e-m+fp/hard/libc_nano.a(libc_a-impure.o)
                              /opt/st/stm32cubeide_1.18.1/plugins/com.st.stm32cube.ide.mcu.externaltools.gnu-tools-for-stm32.13.3.rel1.linux64_1.0.0.202410170706/tools/bin/../lib/gcc/arm-none-eabi/13.3.1/../../../../arm-none-eabi/lib/thumb/v7e-m+fp/hard/libc_nano.a(libc_a-printf.o) (_impure_ptr)
/opt/st/stm32cubeide_1.18.1/plugins/com.st.stm32cube.ide.mcu.externaltools.gnu-tools-for-stm32.13.3.rel1.linux64_1.0.0.202410170706/tools/bin/../lib/gcc/arm-none-eabi/13.3.1/../../../../arm-none-eabi/lib/thumb/v7e-m+fp/hard/libc_nano.a(libc_a-lseekr.o)
[...]
Memory Configuration

Name             Origin             Length             Attributes
RAM              0x20000000         0x00020000         xrw
FLASH            0x08000000         0x00080000         xr
*default*        0x00000000         0xffffffff

Linker script and memory map

LOAD /opt/st/stm32cubeide_1.18.1/plugins/com.st.stm32cube.ide.mcu.externaltools.gnu-tools-for-stm32.13.3.rel1.linux64_1.0.0.202410170706/tools/bin/../lib/gcc/arm-none-eabi/13.3.1/thumb/v7e-m+fp/hard/crti.o
LOAD /opt/st/stm32cubeide_1.18.1/plugins/com.st.stm32cube.ide.mcu.externaltools.gnu-tools-for-stm32.13.3.rel1.linux64_1.0.0.202410170706/tools/bin/../lib/gcc/arm-none-eabi/13.3.1/thumb/v7e-m+fp/hard/crtbegin.o
LOAD /opt/st/stm32cubeide_1.18.1/plugins/com.st.stm32cube.ide.mcu.externaltools.gnu-tools-for-stm32.13.3.rel1.linux64_1.0.0.202410170706/tools/bin/../lib/gcc/arm-none-eabi/13.3.1/../../../../arm-none-eabi/lib/thumb/v7e-m+fp/hard/crt0.o
LOAD ./Src/led.o
LOAD ./Src/main.o
LOAD ./Src/osKernel.o
LOAD ./Src/syscalls.o
LOAD ./Src/sysmem.o
LOAD ./Src/uart.o
LOAD ./Startup/startup_stm32f411retx.o
START GROUP
LOAD /opt/st/stm32cubeide_1.18.1/plugins/com.st.stm32cube.ide.mcu.externaltools.gnu-tools-for-stm32.13.3.rel1.linux64_1.0.0.202410170706/tools/bin/../lib/gcc/arm-none-eabi/13.3.1/../../../../arm-none-eabi/lib/thumb/v7e-m+fp/hard/libc_nano.a
LOAD /opt/st/stm32cubeide_1.18.1/plugins/com.st.stm32cube.ide.mcu.externaltools.gnu-tools-for-stm32.13.3.rel1.linux64_1.0.0.202410170706/tools/bin/../lib/gcc/arm-none-eabi/13.3.1/../../../../arm-none-eabi/lib/thumb/v7e-m+fp/hard/libm.a
END GROUP
START GROUP
LOAD /opt/st/stm32cubeide_1.18.1/plugins/com.st.stm32cube.ide.mcu.externaltools.gnu-tools-for-stm32.13.3.rel1.linux64_1.0.0.202410170706/tools/bin/../lib/gcc/arm-none-eabi/13.3.1/thumb/v7e-m+fp/hard/libgcc.a
LOAD /opt/st/stm32cubeide_1.18.1/plugins/com.st.stm32cube.ide.mcu.externaltools.gnu-tools-for-stm32.13.3.rel1.linux64_1.0.0.202410170706/tools/bin/../lib/gcc/arm-none-eabi/13.3.1/../../../../arm-none-eabi/lib/thumb/v7e-m+fp/hard/libc_nano.a
END GROUP
START GROUP
LOAD /opt/st/stm32cubeide_1.18.1/plugins/com.st.stm32cube.ide.mcu.externaltools.gnu-tools-for-stm32.13.3.rel1.linux64_1.0.0.202410170706/tools/bin/../lib/gcc/arm-none-eabi/13.3.1/thumb/v7e-m+fp/hard/libgcc.a
LOAD /opt/st/stm32cubeide_1.18.1/plugins/com.st.stm32cube.ide.mcu.externaltools.gnu-tools-for-stm32.13.3.rel1.linux64_1.0.0.202410170706/tools/bin/../lib/gcc/arm-none-eabi/13.3.1/../../../../arm-none-eabi/lib/thumb/v7e-m+fp/hard/libc_nano.a
LOAD /opt/st/stm32cubeide_1.18.1/plugins/com.st.stm32cube.ide.mcu.externaltools.gnu-tools-for-stm32.13.3.rel1.linux64_1.0.0.202410170706/tools/bin/../lib/gcc/arm-none-eabi/13.3.1/../../../../arm-none-eabi/lib/thumb/v7e-m+fp/hard/libnosys.a
END GROUP
START GROUP
LOAD /opt/st/stm32cubeide_1.18.1/plugins/com.st.stm32cube.ide.mcu.externaltools.gnu-tools-for-stm32.13.3.rel1.linux64_1.0.0.202410170706/tools/bin/../lib/gcc/arm-none-eabi/13.3.1/thumb/v7e-m+fp/hard/libgcc.a
LOAD /opt/st/stm32cubeide_1.18.1/plugins/com.st.stm32cube.ide.mcu.externaltools.gnu-tools-for-stm32.13.3.rel1.linux64_1.0.0.202410170706/tools/bin/../lib/gcc/arm-none-eabi/13.3.1/../../../../arm-none-eabi/lib/thumb/v7e-m+fp/hard/libc_nano.a
LOAD /opt/st/stm32cubeide_1.18.1/plugins/com.st.stm32cube.ide.mcu.externaltools.gnu-tools-for-stm32.13.3.rel1.linux64_1.0.0.202410170706/tools/bin/../lib/gcc/arm-none-eabi/13.3.1/../../../../arm-none-eabi/lib/thumb/v7e-m+fp/hard/libnosys.a
END GROUP
LOAD /opt/st/stm32cubeide_1.18.1/plugins/com.st.stm32cube.ide.mcu.externaltools.gnu-tools-for-stm32.13.3.rel1.linux64_1.0.0.202410170706/tools/bin/../lib/gcc/arm-none-eabi/13.3.1/thumb/v7e-m+fp/hard/crtend.o
LOAD /opt/st/stm32cubeide_1.18.1/plugins/com.st.stm32cube.ide.mcu.externaltools.gnu-tools-for-stm32.13.3.rel1.linux64_1.0.0.202410170706/tools/bin/../lib/gcc/arm-none-eabi/13.3.1/thumb/v7e-m+fp/hard/crtn.o
                0x20020000                        _estack = (ORIGIN (RAM) + LENGTH (RAM))
                0x00000200                        _Min_Heap_Size = 0x200
                0x00000400                        _Min_Stack_Size = 0x400

.isr_vector     0x08000000      0x198
                0x08000000                        . = ALIGN (0x4)
 *(.isr_vector)
 .isr_vector    0x08000000      0x198 ./Startup/startup_stm32f411retx.o
                0x08000000                g_pfnVectors
                0x08000198                        . = ALIGN (0x4)

.text           0x08000198      0x48c
                0x08000198                        . = ALIGN (0x4)
 *(.text)
 .text          0x08000198       0x40 /opt/st/stm32cubeide_1.18.1/plugins/com.st.stm32cube.ide.mcu.externaltools.gnu-tools-for-stm32.13.3.rel1.linux64_1.0.0.202410170706/tools/bin/../lib/gcc/arm-none-eabi/13.3.1/thumb/v7e-m+fp/hard/crtbegin.o
 *(.text*)
 .text.task0    0x080001d8       0x14 ./Src/main.o
                0x080001d8                task0
 .text.task1    0x080001ec       0x14 ./Src/main.o
                0x080001ec                task1
 .text.task2    0x08000200       0x14 ./Src/main.o
                0x08000200                task2
 .text.main     0x08000214       0x2c ./Src/main.o
                0x08000214                main
 .text.__NVIC_SetPriority
                0x08000240       0x54 ./Src/osKernel.o
 .text.osKernelStackInit
                0x08000294      0x1a0 ./Src/osKernel.o
                0x08000294                osKernelStackInit
 .text.osKernelAddThreads
                0x08000434       0x78 ./Src/osKernel.o
                0x08000434                osKernelAddThreads
 .text.osKernelInit
                0x080004ac       0x1c ./Src/osKernel.o
                0x080004ac                osKernelInit
 .text.osKernelLaunch
                0x080004c8       0x54 ./Src/osKernel.o
                0x080004c8                osKernelLaunch
 .text.SysTick_Handler
                0x0800051c       0x24 ./Src/osKernel.o
                0x0800051c                SysTick_Handler
 .text.osSchedulerLaunch
                0x08000540       0x30 ./Src/osKernel.o
                0x08000540                osSchedulerLaunch
 .text.Reset_Handler
                0x08000570       0x50 ./Startup/startup_stm32f411retx.o
                0x08000570                Reset_Handler
 .text.Default_Handler
                0x080005c0        0x2 ./Startup/startup_stm32f411retx.o
                0x080005c0                RTC_Alarm_IRQHandler
                0x080005c0                EXTI2_IRQHandler
                0x080005c0                DebugMon_Handler
                0x080005c0                SPI4_IRQHandler
                0x080005c0                TIM1_CC_IRQHandler
                0x080005c0                DMA2_Stream5_IRQHandler
                0x080005c0                HardFault_Handler
                0x080005c0                DMA1_Stream5_IRQHandler
                0x080005c0                PVD_IRQHandler
                0x080005c0                SDIO_IRQHandler
                0x080005c0                TAMP_STAMP_IRQHandler
                0x080005c0                PendSV_Handler
                0x080005c0                NMI_Handler
                0x080005c0                EXTI3_IRQHandler
                0x080005c0                TIM1_UP_TIM10_IRQHandler
                0x080005c0                I2C3_ER_IRQHandler
                0x080005c0                EXTI0_IRQHandler
                0x080005c0                I2C2_EV_IRQHandler
                0x080005c0                DMA1_Stream2_IRQHandler
                0x080005c0                UsageFault_Handler
                0x080005c0                DMA2_Stream2_IRQHandler
                0x080005c0                SPI1_IRQHandler
                0x080005c0                TIM1_BRK_TIM9_IRQHandler
                0x080005c0                DMA2_Stream3_IRQHandler
                0x080005c0                USART6_IRQHandler
                0x080005c0                DMA2_Stream0_IRQHandler
                0x080005c0                TIM4_IRQHandler
                0x080005c0                I2C1_EV_IRQHandler
                0x080005c0                DMA1_Stream6_IRQHandler
                0x080005c0                DMA1_Stream1_IRQHandler
                0x080005c0                TIM3_IRQHandler
                0x080005c0                RCC_IRQHandler
                0x080005c0                Default_Handler
                0x080005c0                EXTI15_10_IRQHandler
                0x080005c0                ADC_IRQHandler
                0x080005c0                DMA1_Stream7_IRQHandler
                0x080005c0                SPI5_IRQHandler
                0x080005c0                TIM5_IRQHandler
                0x080005c0                DMA2_Stream7_IRQHandler
                0x080005c0                I2C3_EV_IRQHandler
                0x080005c0                EXTI9_5_IRQHandler
                0x080005c0                RTC_WKUP_IRQHandler
                0x080005c0                SPI2_IRQHandler
                0x080005c0                MemManage_Handler
                0x080005c0                DMA1_Stream0_IRQHandler
                0x080005c0                SVC_Handler
                0x080005c0                EXTI4_IRQHandler
                0x080005c0                WWDG_IRQHandler
                0x080005c0                TIM2_IRQHandler
                0x080005c0                OTG_FS_WKUP_IRQHandler
                0x080005c0                TIM1_TRG_COM_TIM11_IRQHandler
                0x080005c0                EXTI1_IRQHandler
                0x080005c0                USART2_IRQHandler
                0x080005c0                I2C2_ER_IRQHandler
                0x080005c0                DMA2_Stream1_IRQHandler
                0x080005c0                FLASH_IRQHandler
                0x080005c0                DMA2_Stream4_IRQHandler
                0x080005c0                BusFault_Handler
                0x080005c0                USART1_IRQHandler
                0x080005c0                OTG_FS_IRQHandler
                0x080005c0                SPI3_IRQHandler
                0x080005c0                DMA1_Stream4_IRQHandler
                0x080005c0                I2C1_ER_IRQHandler
                0x080005c0                DMA2_Stream6_IRQHandler
                0x080005c0                DMA1_Stream3_IRQHandler
 *fill*         0x080005c2        0x2 
 .text.__libc_init_array
                0x080005c4       0x48 /opt/st/stm32cubeide_1.18.1/plugins/com.st.stm32cube.ide.mcu.externaltools.gnu-tools-for-stm32.13.3.rel1.linux64_1.0.0.202410170706/tools/bin/../lib/gcc/arm-none-eabi/13.3.1/../../../../arm-none-eabi/lib/thumb/v7e-m+fp/hard/libc_nano.a(libc_a-init.o)
                0x080005c4                __libc_init_array
 *(.glue_7)
 .glue_7        0x0800060c        0x0 linker stubs
 *(.glue_7t)
 .glue_7t       0x0800060c        0x0 linker stubs
 *(.eh_frame)
 .eh_frame      0x0800060c        0x0 /opt/st/stm32cubeide_1.18.1/plugins/com.st.stm32cube.ide.mcu.externaltools.gnu-tools-for-stm32.13.3.rel1.linux64_1.0.0.202410170706/tools/bin/../lib/gcc/arm-none-eabi/13.3.1/thumb/v7e-m+fp/hard/crtbegin.o
 *(.init)
 .init          0x0800060c        0x4 /opt/st/stm32cubeide_1.18.1/plugins/com.st.stm32cube.ide.mcu.externaltools.gnu-tools-for-stm32.13.3.rel1.linux64_1.0.0.202410170706/tools/bin/../lib/gcc/arm-none-eabi/13.3.1/thumb/v7e-m+fp/hard/crti.o
                0x0800060c                _init
 .init          0x08000610        0x8 /opt/st/stm32cubeide_1.18.1/plugins/com.st.stm32cube.ide.mcu.externaltools.gnu-tools-for-stm32.13.3.rel1.linux64_1.0.0.202410170706/tools/bin/../lib/gcc/arm-none-eabi/13.3.1/thumb/v7e-m+fp/hard/crtn.o
 *(.fini)
 .fini          0x08000618        0x4 /opt/st/stm32cubeide_1.18.1/plugins/com.st.stm32cube.ide.mcu.externaltools.gnu-tools-for-stm32.13.3.rel1.linux64_1.0.0.202410170706/tools/bin/../lib/gcc/arm-none-eabi/13.3.1/thumb/v7e-m+fp/hard/crti.o
                0x08000618                _fini
 .fini          0x0800061c        0x8 /opt/st/stm32cubeide_1.18.1/plugins/com.st.stm32cube.ide.mcu.externaltools.gnu-tools-for-stm32.13.3.rel1.linux64_1.0.0.202410170706/tools/bin/../lib/gcc/arm-none-eabi/13.3.1/thumb/v7e-m+fp/hard/crtn.o
                0x08000624                        . = ALIGN (0x4)
                0x08000624                        _etext = .

.vfp11_veneer   0x08000624        0x0
 .vfp11_veneer  0x08000624        0x0 linker stubs

.v4_bx          0x08000624        0x0
 .v4_bx         0x08000624        0x0 linker stubs

.iplt           0x08000624        0x0
 .iplt          0x08000624        0x0 /opt/st/stm32cubeide_1.18.1/plugins/com.st.stm32cube.ide.mcu.externaltools.gnu-tools-for-stm32.13.3.rel1.linux64_1.0.0.202410170706/tools/bin/../lib/gcc/arm-none-eabi/13.3.1/thumb/v7e-m+fp/hard/crtbegin.o

.rodata         0x08000624        0x0
                0x08000624                        . = ALIGN (0x4)
 *(.rodata)
 *(.rodata*)
                0x08000624                        . = ALIGN (0x4)

.ARM.extab      0x08000624        0x0
                0x08000624                        . = ALIGN (0x4)
 *(.ARM.extab* .gnu.linkonce.armextab.*)
                0x08000624                        . = ALIGN (0x4)

.ARM            0x08000624        0x0
                0x08000624                        . = ALIGN (0x4)
                0x08000624                        __exidx_start = .
 *(.ARM.exidx*)
                0x08000624                        __exidx_end = .
                0x08000624                        . = ALIGN (0x4)

.preinit_array  0x08000624        0x0
                0x08000624                        . = ALIGN (0x4)
                0x08000624                        PROVIDE (__preinit_array_start = .)
 *(.preinit_array*)
                0x08000624                        PROVIDE (__preinit_array_end = .)
                0x08000624                        . = ALIGN (0x4)

.init_array     0x08000624        0x4
                0x08000624                        . = ALIGN (0x4)
                0x08000624                        PROVIDE (__init_array_start = .)
 *(SORT_BY_NAME(.init_array.*))
 *(.init_array*)
 .init_array    0x08000624        0x4 /opt/st/stm32cubeide_1.18.1/plugins/com.st.stm32cube.ide.mcu.externaltools.gnu-tools-for-stm32.13.3.rel1.linux64_1.0.0.202410170706/tools/bin/../lib/gcc/arm-none-eabi/13.3.1/thumb/v7e-m+fp/hard/crtbegin.o
                0x08000628                        PROVIDE (__init_array_end = .)
                0x08000628                        . = ALIGN (0x4)

.fini_array     0x08000628        0x4
                0x08000628                        . = ALIGN (0x4)
                [!provide]                        PROVIDE (__fini_array_start = .)
 *(SORT_BY_NAME(.fini_array.*))
 *(.fini_array*)
 .fini_array    0x08000628        0x4 /opt/st/stm32cubeide_1.18.1/plugins/com.st.stm32cube.ide.mcu.externaltools.gnu-tools-for-stm32.13.3.rel1.linux64_1.0.0.202410170706/tools/bin/../lib/gcc/arm-none-eabi/13.3.1/thumb/v7e-m+fp/hard/crtbegin.o
                [!provide]                        PROVIDE (__fini_array_end = .)
                0x0800062c                        . = ALIGN (0x4)
                0x0800062c                        _sidata = LOADADDR (.data)

.rel.dyn        0x0800062c        0x0
 .rel.iplt      0x0800062c        0x0 /opt/st/stm32cubeide_1.18.1/plugins/com.st.stm32cube.ide.mcu.externaltools.gnu-tools-for-stm32.13.3.rel1.linux64_1.0.0.202410170706/tools/bin/../lib/gcc/arm-none-eabi/13.3.1/thumb/v7e-m+fp/hard/crtbegin.o

.data           0x20000000        0x0 load address 0x0800062c
                0x20000000                        . = ALIGN (0x4)
                0x20000000                        _sdata = .
 *(.data)
 *(.data*)
 *(.RamFunc)
 *(.RamFunc*)
                0x20000000                        . = ALIGN (0x4)
                0x20000000                        _edata = .

.igot.plt       0x20000000        0x0 load address 0x0800062c
 .igot.plt      0x20000000        0x0 /opt/st/stm32cubeide_1.18.1/plugins/com.st.stm32cube.ide.mcu.externaltools.gnu-tools-for-stm32.13.3.rel1.linux64_1.0.0.202410170706/tools/bin/../lib/gcc/arm-none-eabi/13.3.1/thumb/v7e-m+fp/hard/crtbegin.o
                0x20000000                        . = ALIGN (0x4)

.bss            0x20000000     0x1308 load address 0x0800062c
                0x20000000                        _sbss = .
                0x20000000                        __bss_start__ = _sbss
 *(.bss)
 .bss           0x20000000       0x1c /opt/st/stm32cubeide_1.18.1/plugins/com.st.stm32cube.ide.mcu.externaltools.gnu-tools-for-stm32.13.3.rel1.linux64_1.0.0.202410170706/tools/bin/../lib/gcc/arm-none-eabi/13.3.1/thumb/v7e-m+fp/hard/crtbegin.o
 *(.bss*)
 .bss.Task0_Profiler
                0x2000001c        0x4 ./Src/main.o
                0x2000001c                Task0_Profiler
 .bss.Task1_Profiler
                0x20000020        0x4 ./Src/main.o
                0x20000020                Task1_Profiler
 .bss.Task2_Profiler
                0x20000024        0x4 ./Src/main.o
                0x20000024                Task2_Profiler
 .bss.MILLIS_PRESCALER
                0x20000028        0x4 ./Src/osKernel.o
                0x20000028                MILLIS_PRESCALER
 .bss.tcbs      0x2000002c       0x18 ./Src/osKernel.o
                0x2000002c                tcbs
 .bss.currentPt
                0x20000044        0x4 ./Src/osKernel.o
                0x20000044                currentPt
 .bss.TCB_STACK
                0x20000048     0x12c0 ./Src/osKernel.o
                0x20000048                TCB_STACK
 *(COMMON)
                0x20001308                        . = ALIGN (0x4)
                0x20001308                        _ebss = .
                0x20001308                        __bss_end__ = _ebss

._user_heap_stack
                0x20001308      0x600 load address 0x0800062c
                0x20001308                        . = ALIGN (0x8)
                [!provide]                        PROVIDE (end = .)
                0x20001308                        PROVIDE (_end = .)
                0x20001508                        . = (. + _Min_Heap_Size)
 *fill*         0x20001308      0x200 
                0x20001908                        . = (. + _Min_Stack_Size)
 *fill*         0x20001508      0x400 
                0x20001908                        . = ALIGN (0x8)

/DISCARD/
 libc.a(*)
 libm.a(*)
 libgcc.a(*)

.ARM.attributes
                0x00000000       0x30
 *(.ARM.attributes)
 .ARM.attributes
                0x00000000       0x22 /opt/st/stm32cubeide_1.18.1/plugins/com.st.stm32cube.ide.mcu.externaltools.gnu-tools-for-stm32.13.3.rel1.linux64_1.0.0.202410170706/tools/bin/../lib/gcc/arm-none-eabi/13.3.1/thumb/v7e-m+fp/hard/crti.o
 .ARM.attributes
                0x00000022       0x34 /opt/st/stm32cubeide_1.18.1/plugins/com.st.stm32cube.ide.mcu.externaltools.gnu-tools-for-stm32.13.3.rel1.linux64_1.0.0.202410170706/tools/bin/../lib/gcc/arm-none-eabi/13.3.1/thumb/v7e-m+fp/hard/crtbegin.o
 .ARM.attributes
                0x00000056       0x34 ./Src/main.o
 .ARM.attributes
                0x0000008a       0x34 ./Src/osKernel.o
 .ARM.attributes
                0x000000be       0x21 ./Startup/startup_stm32f411retx.o
 .ARM.attributes
                0x000000df       0x34 /opt/st/stm32cubeide_1.18.1/plugins/com.st.stm32cube.ide.mcu.externaltools.gnu-tools-for-stm32.13.3.rel1.linux64_1.0.0.202410170706/tools/bin/../lib/gcc/arm-none-eabi/13.3.1/../../../../arm-none-eabi/lib/thumb/v7e-m+fp/hard/libc_nano.a(libc_a-init.o)
 .ARM.attributes
                0x00000113       0x22 /opt/st/stm32cubeide_1.18.1/plugins/com.st.stm32cube.ide.mcu.externaltools.gnu-tools-for-stm32.13.3.rel1.linux64_1.0.0.202410170706/tools/bin/../lib/gcc/arm-none-eabi/13.3.1/thumb/v7e-m+fp/hard/crtn.o
OUTPUT(5_RoundRobinScheduler.elf elf32-littlearm)
LOAD linker stubs
LOAD /opt/st/stm32cubeide_1.18.1/plugins/com.st.stm32cube.ide.mcu.externaltools.gnu-tools-for-stm32.13.3.rel1.linux64_1.0.0.202410170706/tools/bin/../lib/gcc/arm-none-eabi/13.3.1/../../../../arm-none-eabi/lib/thumb/v7e-m+fp/hard/libc.a
LOAD /opt/st/stm32cubeide_1.18.1/plugins/com.st.stm32cube.ide.mcu.externaltools.gnu-tools-for-stm32.13.3.rel1.linux64_1.0.0.202410170706/tools/bin/../lib/gcc/arm-none-eabi/13.3.1/../../../../arm-none-eabi/lib/thumb/v7e-m+fp/hard/libm.a
LOAD /opt/st/stm32cubeide_1.18.1/plugins/com.st.stm32cube.ide.mcu.externaltools.gnu-tools-for-stm32.13.3.rel1.linux64_1.0.0.202410170706/tools/bin/../lib/gcc/arm-none-eabi/13.3.1/thumb/v7e-m+fp/hard/libgcc.a

.debug_info     0x00000000      0x91c
 .debug_info    0x00000000      0x1d2 ./Src/main.o
 .debug_info    0x000001d2      0x71a ./Src/osKernel.o
 .debug_info    0x000008ec       0x30 ./Startup/startup_stm32f411retx.o

.debug_abbrev   0x00000000      0x357
 .debug_abbrev  0x00000000      0x104 ./Src/main.o
 .debug_abbrev  0x00000104      0x22f ./Src/osKernel.o
 .debug_abbrev  0x00000333       0x24 ./Startup/startup_stm32f411retx.o

.debug_aranges  0x00000000       0xd0
 .debug_aranges
                0x00000000       0x58 ./Src/main.o
 .debug_aranges
                0x00000058       0x50 ./Src/osKernel.o
 .debug_aranges
                0x000000a8       0x28 ./Startup/startup_stm32f411retx.o

.debug_rnglists
                0x00000000       0x8e
 .debug_rnglists
                0x00000000       0x3d ./Src/main.o
 .debug_rnglists
                0x0000003d       0x38 ./Src/osKernel.o
 .debug_rnglists
                0x00000075       0x19 ./Startup/startup_stm32f411retx.o

.debug_macro    0x00000000      0xdbc
 .debug_macro   0x00000000      0x1cf ./Src/main.o
 .debug_macro   0x000001cf       0x61 ./Src/main.o
 .debug_macro   0x00000230       0x2a ./Src/main.o
 .debug_macro   0x0000025a       0x43 ./Src/main.o
 .debug_macro   0x0000029d       0x34 ./Src/main.o
 .debug_macro   0x000002d1       0x16 ./Src/main.o
 .debug_macro   0x000002e7       0x9e ./Src/main.o
 .debug_macro   0x00000385      0x370 ./Src/main.o
 .debug_macro   0x000006f5      0x112 ./Src/main.o
 .debug_macro   0x00000807       0x10 ./Src/main.o
 .debug_macro   0x00000817       0x16 ./Src/main.o
 .debug_macro   0x0000082d       0x4a ./Src/main.o
 .debug_macro   0x00000877       0x34 ./Src/main.o
 .debug_macro   0x000008ab       0x10 ./Src/main.o
 .debug_macro   0x000008bb       0x58 ./Src/main.o
 .debug_macro   0x00000913       0x8e ./Src/main.o
 .debug_macro   0x000009a1       0x1c ./Src/main.o
 .debug_macro   0x000009bd      0x185 ./Src/main.o
 .debug_macro   0x00000b42       0x16 ./Src/main.o
 .debug_macro   0x00000b58       0x16 ./Src/main.o
 .debug_macro   0x00000b6e      0x146 ./Src/main.o
 .debug_macro   0x00000cb4      0x108 ./Src/osKernel.o

.debug_line     0x00000000      0xd69
 .debug_line    0x00000000      0x6d4 ./Src/main.o
 .debug_line    0x000006d4      0x61a ./Src/osKernel.o
 .debug_line    0x00000cee       0x7b ./Startup/startup_stm32f411retx.o

.debug_str      0x00000000    0x53de3
 .debug_str     0x00000000    0x53de3 ./Src/main.o
                              0x539cc (size before relaxing)
 .debug_str     0x00053de3    0x503f7 ./Src/osKernel.o
 .debug_str     0x00053de3       0x93 ./Startup/startup_stm32f411retx.o

.comment        0x00000000       0x43
 .comment       0x00000000       0x43 ./Src/main.o
                                 0x44 (size before relaxing)
 .comment       0x00000043       0x44 ./Src/osKernel.o

.debug_frame    0x00000000      0x208
 .debug_frame   0x00000000       0xe4 ./Src/main.o
 .debug_frame   0x000000e4       0xf8 ./Src/osKernel.o
 .debug_frame   0x000001dc       0x2c /opt/st/stm32cubeide_1.18.1/plugins/com.st.stm32cube.ide.mcu.externaltools.gnu-tools-for-stm32.13.3.rel1.linux64_1.0.0.202410170706/tools/bin/../lib/gcc/arm-none-eabi/13.3.1/../../../../arm-none-eabi/lib/thumb/v7e-m+fp/hard/libc_nano.a(libc_a-init.o)

.debug_line_str
                0x00000000       0x77
 .debug_line_str
                0x00000000       0x77 ./Startup/startup_stm32f411retx.o
